// Jest Snapshot v1, https://goo.gl/fbAQLP

exports[`App Should match snapshot, render Header, Body, and Footer 1`] = `
<Fragment>
  <Component
    shouldInfoDisplay={false}
    toggleInfoDisplay={[Function]}
  />
  <main
    className="main"
  >
    <Component
      codeBlocks={Array []}
      destroyBlock={[Function]}
      isValidTab={true}
      moveBlock={[Function]}
      recStatus={1}
    />
  </main>
  <Component
    copyToClipboard={[Function]}
    handleToggle={[Function]}
    isValidTab={true}
    recStatus={1}
  />
</Fragment>
`;
