// Jest Snapshot v1, https://goo.gl/fbAQLP

exports[`CodeBlock CodeBlock Should render a CodeBlock 1`] = `
<li
  className="code-block"
  draggable={true}
  onDragEnd={[MockFunction]}
  onDragOver={[Function]}
  onDragStart={[Function]}
  onDrop={[Function]}
>
  <span
    className="code-block__content"
  >
    cy.get(
    <mark
      className="code-block__selector"
    >
      '.button'
    </mark>
    ).click();
  </span>
  <button
    className="code-block__delete"
    onClick={[Function]}
    type="button"
  >
    <span>
      x
    </span>
    <span
      className="sr-only"
    >
      Delete this line
    </span>
  </button>
</li>
`;
