// Jest Snapshot v1, https://goo.gl/fbAQLP

exports[`Header Should render Header with title of Cypress Recorder 1`] = `
<header
  className="header"
>
  <h1
    className="header__title"
  >
    Cypress Recorder
  </h1>
  <Component
    shouldInfoDisplay={false}
    toggleInfoDisplay={[MockFunction]}
  />
</header>
`;
