// Jest Snapshot v1, https://goo.gl/fbAQLP

exports[`InfoButton Button text should display "Info" when shouldInfoDisplay is false 1`] = `
<Fragment>
  <button
    className="button button--anchor"
    onClick={[Function]}
    type="button"
  >
    <span
      className="button__icon"
    >
      <IconInfo />
    </span>
    <span
      className="button__label"
    >
      Info
    </span>
  </button>
</Fragment>
`;
